[B]
[H]
[C, P, N]
[G, C]
[G]
[P, G]
[P, G] true false false
